// Jest Snapshot v1, https://goo.gl/fbAQLP

exports[`Components Heading should match snapshot 1`] = `
.c0 {
  font-family: Arial,Helvetica,sans-serif;
  display: -webkit-box;
  display: -webkit-flex;
  display: -ms-flexbox;
  display: flex;
  -webkit-flex-direction: column;
  -ms-flex-direction: column;
  flex-direction: column;
  -webkit-align-items: center;
  -webkit-box-align: center;
  -ms-flex-align: center;
  align-items: center;
  -webkit-box-pack: center;
  -webkit-justify-content: center;
  -ms-flex-pack: center;
  justify-content: center;
  position: relative;
  z-index: 1;
  text-align: center;
}

.c0 h3 {
  color: #000000;
  font-size: 20px;
  font-weight: 800;
}

<div>
  <div
    class="c0"
  >
    <h3>
      Toxic
    </h3>
  </div>
</div>
`;
